// Jest Snapshot v1, https://goo.gl/fbAQLP

exports[`renders correctly 1`] = `
<span>
  <div
    className="pt-popover-target"
    onClick={[Function]}
  >
    <span>
      <div
        className="pt-popover-target"
        onBlur={[Function]}
        onFocus={[Function]}
        onMouseEnter={[Function]}
        onMouseLeave={[Function]}
      >
        <button
          className="pt-button pt-icon-settings"
          disabled={undefined}
          onClick={undefined}
          onKeyDown={[Function]}
          onKeyUp={[Function]}
          style={
            Object {
              "marginTop": "1px",
            }
          }
          tabIndex={0}
          type="button"
        />
      </div>
    </span>
  </div>
</span>
`;
