// Jest Snapshot v1, https://goo.gl/fbAQLP

exports[`renders correctly 1`] = `
<span
  className="pt-icon pt-icon-dot"
  style={
    Object {
      "color": "red",
    }
  }
/>
`;
