// Jest Snapshot v1, https://goo.gl/fbAQLP

exports[`renders correctly 1`] = `
<div
  className="_Rfx0_"
>
  <div
    className="form-item form-label _Rfx1_"
  >
    <div
      className="pt-label"
    >
      Candle storage:
      <span
        className="pt-text-muted"
      />
    </div>
  </div>
  <div
    className="form-item form-element"
  >
    <span>
      <div
        className="pt-popover-target"
        onClick={[Function]}
      >
        <div
          className=""
          disabled={undefined}
          onKeyDown={[Function]}
          onKeyUp={undefined}
          tabIndex={undefined}
        >
          <button
            className="pt-button"
            disabled={undefined}
            onClick={undefined}
            onKeyDown={[Function]}
            onKeyUp={[Function]}
            type="button"
          >
            <div
              className="_Rfx2_ _Rfx0_"
            >
              <div
                className=""
                style={
                  Object {
                    "whiteSpace": "nowrap",
                  }
                }
              >
                <div
                  style={
                    Object {
                      "marginBottom": "-5px",
                      "marginTop": "5px",
                    }
                  }
                >
                  <div
                    className="pt-spinner pt-small"
                  >
                    <div
                      className="pt-spinner-svg-container"
                    >
                      <svg
                        viewBox="-15 -15 130 130"
                      >
                        <path
                          className="pt-spinner-track"
                          d="M 50,50 m 0,-44.5 a 44.5,44.5 0 1 1 0,89 a 44.5,44.5 0 1 1 0,-89"
                        />
                        <path
                          className="pt-spinner-head"
                          d="M 50,50 m 0,-44.5 a 44.5,44.5 0 1 1 0,89 a 44.5,44.5 0 1 1 0,-89"
                          pathLength={280}
                          style={
                            Object {
                              "strokeDasharray": "280 280",
                              "strokeDashoffset": 210,
                            }
                          }
                        />
                      </svg>
                    </div>
                  </div>
                </div>
              </div>
              <div
                className=""
              >
                <span
                  className="pt-icon-standard pt-icon-caret-down"
                />
              </div>
            </div>
          </button>
        </div>
      </div>
    </span>
  </div>
  <div
    className="form-item form-suffix"
  >
    
     
    
  </div>
</div>
`;
